
> johnroddondoyano-astro@0.0.1 build D:\dev\johnroddondoyano-astro
> astro check && astro build

[2m23:37:33[22m [34m[content][39m Syncing content
[2m23:37:33[22m [34m[content][39m Synced content
[2m23:37:33[22m [34m[types][39m Generated [2m50ms[22m
[2m23:37:33[22m [34m[check][39m Getting diagnostics for Astro files in D:\dev\johnroddondoyano-astro...
[96meslint.config.js[0m:[93m7[0m:[93m12[0m - [93mwarning[0m[90m ts(6385): [0m'FlatConfig' is deprecated.

[7m7[0m /** @type {import("eslint").Linter.FlatConfig[]} */
[7m [0m [93m           ~~~~~~~~~~~~~~~~~~~~~~~~~~~~~~~~~~[0m

[96msrc/pages/index.astro[0m:[93m107[0m:[93m11[0m - [93mwarning[0m[90m astro(4000): [0mThis script will be treated as if it has the `is:inline` directive because it contains an attribute. Therefore, features that require processing (e.g. using TypeScript or npm packages in the script) are unavailable.

See docs for more details: https://docs.astro.build/en/guides/client-side-scripts/#script-processing.

Add the `is:inline` directive explicitly to silence this hint.

[7m107[0m   <script type="application/ld+json" set:html={JSON.stringify(itemListSchema)} />
[7m   [0m [93m          ~~~~[0m
[96msrc/pages/index.astro[0m:[93m106[0m:[93m11[0m - [93mwarning[0m[90m astro(4000): [0mThis script will be treated as if it has the `is:inline` directive because it contains an attribute. Therefore, features that require processing (e.g. using TypeScript or npm packages in the script) are unavailable.

See docs for more details: https://docs.astro.build/en/guides/client-side-scripts/#script-processing.

Add the `is:inline` directive explicitly to silence this hint.

[7m106[0m   <script type="application/ld+json" set:html={JSON.stringify(personSchema)} />
[7m   [0m [93m          ~~~~[0m

[96msrc/pages/web-development.astro[0m:[93m87[0m:[93m11[0m - [93mwarning[0m[90m astro(4000): [0mThis script will be treated as if it has the `is:inline` directive because it contains an attribute. Therefore, features that require processing (e.g. using TypeScript or npm packages in the script) are unavailable.

See docs for more details: https://docs.astro.build/en/guides/client-side-scripts/#script-processing.

Add the `is:inline` directive explicitly to silence this hint.

[7m87[0m   <script type="application/ld+json" set:html={JSON.stringify(breadcrumbSchema)} />
[7m  [0m [93m          ~~~~[0m
[96msrc/pages/web-development.astro[0m:[93m86[0m:[93m11[0m - [93mwarning[0m[90m astro(4000): [0mThis script will be treated as if it has the `is:inline` directive because it contains an attribute. Therefore, features that require processing (e.g. using TypeScript or npm packages in the script) are unavailable.

See docs for more details: https://docs.astro.build/en/guides/client-side-scripts/#script-processing.

Add the `is:inline` directive explicitly to silence this hint.

[7m86[0m   <script type="application/ld+json" set:html={JSON.stringify(projectListSchema)} />
[7m  [0m [93m          ~~~~[0m
[96msrc/pages/web-development.astro[0m:[93m85[0m:[93m11[0m - [93mwarning[0m[90m astro(4000): [0mThis script will be treated as if it has the `is:inline` directive because it contains an attribute. Therefore, features that require processing (e.g. using TypeScript or npm packages in the script) are unavailable.

See docs for more details: https://docs.astro.build/en/guides/client-side-scripts/#script-processing.

Add the `is:inline` directive explicitly to silence this hint.

[7m85[0m   <script type="application/ld+json" set:html={JSON.stringify(experienceListSchema)} />
[7m  [0m [93m          ~~~~[0m
[96msrc/pages/web-development.astro[0m:[93m84[0m:[93m11[0m - [93mwarning[0m[90m astro(4000): [0mThis script will be treated as if it has the `is:inline` directive because it contains an attribute. Therefore, features that require processing (e.g. using TypeScript or npm packages in the script) are unavailable.

See docs for more details: https://docs.astro.build/en/guides/client-side-scripts/#script-processing.

Add the `is:inline` directive explicitly to silence this hint.

[7m84[0m   <script type="application/ld+json" set:html={JSON.stringify(profilePageSchema)} />
[7m  [0m [93m          ~~~~[0m

Result (24 files): 
- 0 errors
- 0 warnings
- 7 hints

[2m23:37:37[22m [34m[content][39m Syncing content
[2m23:37:37[22m [34m[content][39m Synced content
[2m23:37:37[22m [34m[types][39m Generated [2m38ms[22m
[2m23:37:37[22m [34m[build][39m output: [34m"static"[39m
[2m23:37:37[22m [34m[build][39m mode: [34m"server"[39m
[2m23:37:37[22m [34m[build][39m directory: [34mD:\dev\johnroddondoyano-astro\dist\[39m
[2m23:37:37[22m [34m[build][39m adapter: [32m@astrojs/vercel[39m
[2m23:37:37[22m [34m[build][39m Collecting build info...
[2m23:37:37[22m [34m[build][39m [32mΓ£ô Completed in 68ms.[39m
[2m23:37:37[22m [34m[build][39m Building server entrypoints...
[2m23:37:38[22m [34m[vite][39m [32mΓ£ô built in 981ms[39m
[2m23:37:38[22m [34m[build][39m [32mΓ£ô Completed in 1.01s.[39m

[42m[30m building client (vite) [39m[49m
[2m23:37:38[22m [34m[vite][39m transforming...
[2m23:37:40[22m [34m[vite][39m [32mΓ£ô[39m 1816 modules transformed.
[2m23:37:40[22m [34m[vite][39m rendering chunks...
[2m23:37:40[22m [34m[vite][39m computing gzip size...
[2m23:37:40[22m [34m[vite][39m [2mdist/client/[22m[36m_astro/_astro-entry_lucide-react.eo4vyO8N.js  [39m[1m[2m  0.35 kB[22m[1m[22m[2m Γöé gzip:  0.27 kB[22m
[2m23:37:40[22m [34m[vite][39m [2mdist/client/[22m[36m_astro/sonner.BR05sbM5.js                     [39m[1m[2m  1.31 kB[22m[1m[22m[2m Γöé gzip:  0.81 kB[22m
[2m23:37:40[22m [34m[vite][39m [2mdist/client/[22m[36m_astro/createLucideIcon.CtVFhDUJ.js           [39m[1m[2m  1.86 kB[22m[1m[22m[2m Γöé gzip:  0.80 kB[22m
[2m23:37:40[22m [34m[vite][39m [2mdist/client/[22m[36m_astro/tb.ChzduL6Z.js                         [39m[1m[2m  2.79 kB[22m[1m[22m[2m Γöé gzip:  1.18 kB[22m
[2m23:37:40[22m [34m[vite][39m [2mdist/client/[22m[36m_astro/index.CGqfUJ1b.js                      [39m[1m[2m  3.89 kB[22m[1m[22m[2m Γöé gzip:  1.52 kB[22m
[2m23:37:40[22m [34m[vite][39m [2mdist/client/[22m[36m_astro/index.6otl1p8d.js                      [39m[1m[2m  8.01 kB[22m[1m[22m[2m Γöé gzip:  3.11 kB[22m
[2m23:37:40[22m [34m[vite][39m [2mdist/client/[22m[36m_astro/index.71xa6xuy.js                      [39m[1m[2m 34.11 kB[22m[1m[22m[2m Γöé gzip:  9.92 kB[22m
[2m23:37:40[22m [34m[vite][39m [2mdist/client/[22m[36m_astro/client.CJ2mfJId.js                     [39m[1m[2m175.55 kB[22m[1m[22m[2m Γöé gzip: 55.67 kB[22m
[2m23:37:40[22m [34m[vite][39m [2mdist/client/[22m[36m_astro/FormWithRecaptcha.DqSYISe0.js          [39m[1m[2m286.82 kB[22m[1m[22m[2m Γöé gzip: 74.16 kB[22m
[2m23:37:40[22m [34m[vite][39m [32mΓ£ô built in 1.81s[39m

[42m[30m prerendering static routes [39m[49m
[2m23:37:40[22m [32mΓû╢[39m src/pages/web-development.astro
[2m23:37:40[22m   [34mΓööΓöÇ[39m [2m/web-development/index.html[22m [2m(+29ms)[22m 
[2m23:37:40[22m [32mΓû╢[39m src/pages/index.astro
[2m23:37:40[22m   [34mΓööΓöÇ[39m [2m/index.html[22m [2m(+14ms)[22m 
[2m23:37:40[22m [32mΓ£ô Completed in 200ms.
[39m
[2m23:37:40[22m [34m[build][39m Rearranging server assets...
[2m23:37:40[22m [34m[@astrojs/vercel][39m Bundling function ..\..\..\..\dist\server\entry.mjs
pnpm : [31m[1m23:37:
41[22m [ERROR] [@astr
ojs/vercel][39m An 
unhandled error 
occurred while 
running the [1m"astro
:build:done"[22m hook
At line:1 char:1
+ pnpm build 2>&1 > 
build_output.log; 
Get-Content 
build_output.log -Tai 
...
+ ~~~~~~~~~~~~~~~~~~~~
~~~~~~~~~~~~~~
    + CategoryInfo    
      : NotSpecified: 
([    31m[1m23:37:..
.done"[22m 
hook:String) [],     
RemoteException
    + 
FullyQualifiedErrorId 
: NativeCommandErro   
 r
 
EPERM: operation not 
permitted, symlink '.p
npm\react@19.1.0\node_
modules\react' -> 'D:\
dev\johnroddondoyano-a
stro\.vercel\output\fu
nctions\_render.func\n
ode_modules\react'
  [1mStack 
trace:[22m
[2m    at async 
Module.symlink (node:i
nternal/fs/promises:10
05:10)
    at async copyDepen
denciesToFunction (fil
e:///D:/dev/johnroddon
doyano-astro/node_modu
les/.pnpm/@astrojs+ver
cel@9.0.4_astro_53b1f8
4ec47b84f7806a556e3372
fe2e/node_modules/@ast
rojs/vercel/dist/lib/n
ft.js:42:26)
    at async 
astro:build:done (file
:///D:/dev/johnroddond
oyano-astro/node_modul
es/.pnpm/@astrojs+verc
el@9.0.4_astro_53b1f84
ec47b84f7806a556e3372f
e2e/node_modules/@astr
ojs/vercel/dist/index.
js:333:15)
    at async 
runHookInternal (file:
///D:/dev/johnroddondo
yano-astro/node_module
s/.pnpm/astro@5.17.1_@
types+node@24_7fd4584a
e3b415975df63f0b4329c6
27/node_modules/astro/
dist/integrations/hook
s.js:51:5)
    at async 
AstroBuilder.build (fi
le:///D:/dev/johnroddo
ndoyano-astro/node_mod
ules/.pnpm/astro@5.17.
1_@types+node@24_7fd45
84ae3b415975df63f0b432
9c627/node_modules/ast
ro/dist/core/build/ind
ex.js:167:5)[22m
ΓÇëELIFECYCLEΓÇë Command failed with exit code 1.
